// Jest Snapshot v1, https://goo.gl/fbAQLP

exports[`Pruebas en <GifGidItem/> debe de mostrar el componente correctamete 1`] = `
<div
  className="card animate__animated animate__fadeInDown"
>
  <img
    alt="Un título"
    src="https://localhost/algo.jpg"
  />
  <p>
    Un título
  </p>
</div>
`;
